plugin_register word2vec/word2vec
[[0,0.0,0.0],true]
table_create Tags TABLE_PAT_KEY ShortText
[[0,0.0,0.0],true]
table_create Entries TABLE_NO_KEY
[[0,0.0,0.0],true]
column_create Entries title COLUMN_SCALAR ShortText
[[0,0.0,0.0],true]
column_create Entries tag COLUMN_SCALAR Tags
[[0,0.0,0.0],true]
column_create Entries tags COLUMN_VECTOR Tags
[[0,0.0,0.0],true]
load --table Entries
[
{"title": "FulltextSearch", "tag": "Library", "tags": ["Groonga", "Rroonga"]},
{"title": "FulltextSearch", "tag": "Library", "tags": ["Groonga", "Mroonga"]},
{"title": "FulltextSearch", "tag": "Library", "tags": ["Groonga", "Droonga"]},
{"title": "Database", "tag": "Server", "tags": ["MySQL", "PostgreSQL"]}
]
[[0,0.0,0.0],4]
dump_to_train_file Entries title,tag,tags
[[0,0.0,0.0],true]
word2vec_train --min_count 1
[[0,0.0,0.0],true]
word2vec_distance "Groonga" --limit 10 --n_sort -1
[
  [
    0,
    0.0,
    0.0
  ],
  [
    [
      10
    ],
    [
      [
        "_key",
        "ShortText"
      ],
      [
        "_value",
        "Float"
      ]
    ],
    [
      "mysql",
      0.164409309625626
    ],
    [
      "rroonga",
      0.12582902610302
    ],
    [
      "fulltextsearch",
      0.0368562042713165
    ],
    [
      "postgresql",
      -0.00781647488474846
    ],
    [
      "database",
      -0.0158039312809706
    ],
    [
      "server",
      -0.0281914249062538
    ],
    [
      "library",
      -0.0417644791305065
    ],
    [
      "mroonga",
      -0.0530047751963139
    ],
    [
      "droonga",
      -0.08939129114151
    ],
    [
      "</s>",
      -0.100139416754246
    ]
  ]
]
