plugin_register word2vec/word2vec
[[0,0.0,0.0],true]
table_create Tags TABLE_PAT_KEY ShortText
[[0,0.0,0.0],true]
table_create Entries TABLE_NO_KEY
[[0,0.0,0.0],true]
column_create Entries title COLUMN_SCALAR ShortText
[[0,0.0,0.0],true]
column_create Entries tag COLUMN_SCALAR Tags
[[0,0.0,0.0],true]
column_create Entries tags COLUMN_VECTOR Tags
[[0,0.0,0.0],true]
load --table Entries
[
{"title": "FulltextSearch", "tag": "Library", "tags": ["Groonga", "Rroonga"]},
{"title": "Database", "tag": "Server", "tags": ["MySQL", "PostgreSQL"]}
]
[[0,0.0,0.0],2]
word2vec_train Entries title,tag,tags --min_count 1
[[0,0.0,0.0],true]
word2vec_distance "Groonga + Database"
[
  [
    0,
    0.0,
    0.0
  ],
  [
    [
      7
    ],
    [
      [
        "_key",
        "ShortText"
      ],
      [
        "_value",
        "Float"
      ]
    ],
    [
      "rroonga",
      0.174095034599304
    ],
    [
      "</s>",
      0.0414483621716499
    ],
    [
      "server",
      0.0187411922961473
    ],
    [
      "library",
      -0.0582690834999084
    ],
    [
      "mysql",
      -0.0588756911456585
    ],
    [
      "fulltextsearch",
      -0.0687521994113922
    ],
    [
      "postgresql",
      -0.179388046264648
    ]
  ]
]
