plugin_register word2vec/word2vec
[[0,0.0,0.0],true]
table_create Tags TABLE_PAT_KEY ShortText
[[0,0.0,0.0],true]
table_create Entries TABLE_NO_KEY
[[0,0.0,0.0],true]
column_create Entries title COLUMN_SCALAR ShortText
[[0,0.0,0.0],true]
column_create Entries tag COLUMN_SCALAR Tags
[[0,0.0,0.0],true]
column_create Entries tags COLUMN_VECTOR Tags
[[0,0.0,0.0],true]
load --table Entries
[
{"title": "今日is雨だ", "tag": "Library"},
{"title": "明日is晴れ", "tag": "Server"}
]
[[0,0.0,0.0],2]
dump_to_train_file Entries title@$,tag
[[0,0.0,0.0],true]
word2vec_train --min_count 1
[[0,0.0,0.0],true]
word2vec_distance "Server" --limit 40
[
  [
    0,
    0.0,
    0.0
  ],
  [
    [
      6
    ],
    [
      [
        "_key",
        "ShortText"
      ],
      [
        "_value",
        "Float"
      ]
    ],
    [
      "</s>",
      0.117504417896271
    ],
    [
      "晴れ",
      0.11518332362175
    ],
    [
      "明日",
      0.0604338981211185
    ],
    [
      "今日",
      -0.000387371052056551
    ],
    [
      "雨だ",
      -0.0477972403168678
    ],
    [
      "library",
      -0.08939129114151
    ]
  ]
]
