plugin_register word2vec/word2vec
[[0,0.0,0.0],true]
table_create Tags TABLE_PAT_KEY ShortText
[[0,0.0,0.0],true]
table_create Entries TABLE_NO_KEY
[[0,0.0,0.0],true]
column_create Entries title COLUMN_SCALAR ShortText
[[0,0.0,0.0],true]
column_create Entries tag COLUMN_SCALAR Tags
[[0,0.0,0.0],true]
column_create Entries tags COLUMN_VECTOR Tags
[[0,0.0,0.0],true]
load --table Entries
[
{"title": "FulltextSearch", "tag": "Library", "tags": ["Groonga", "Rroonga"]},
{"title": "Database", "tag": "Server", "tags": ["MySQL", "PostgreSQL"]}
]
[[0,0.0,0.0],2]
dump_to_train_file Entries tag[tag:],tags,title
[[0,0.0,0.0],true]
word2vec_train --min_count 1
[[0,0.0,0.0],true]
word2vec_distance "tag:library"
[
  [
    0,
    0.0,
    0.0
  ],
  [
    [
      8
    ],
    [
      [
        "_key",
        "ShortText"
      ],
      [
        "_value",
        "Float"
      ]
    ],
    [
      "groonga",
      0.18340303003788
    ],
    [
      "postgresql",
      0.0758075639605522
    ],
    [
      "fulltextsearch",
      0.0564095415174961
    ],
    [
      "rroonga",
      0.0368562042713165
    ],
    [
      "mysql",
      -0.000387371052056551
    ],
    [
      "</s>",
      -0.0632898360490799
    ],
    [
      "tag:server",
      -0.13147459924221
    ],
    [
      "database",
      -0.170803934335709
    ]
  ]
]
