register word2vec/word2vec
[[0,0.0,0.0],true]
word2vec_train
