register word2vec/word2vec
[[0,0.0,0.0],true]
word2vec_train --input_filter "a" --mecab_option "-F%m:%f[0]\\s -E\\0" --input_file 
