register word2vec/word2vec
[[0,0.0,0.0],true]
word2vec_unload
[[0,0.0,0.0],true]
