register word2vec/word2vec
[[0,0.0,0.0],true]
table_create Entries TABLE_NO_KEY
[[0,0.0,0.0],true]
column_create Entries title COLUMN_SCALAR ShortText
[[0,0.0,0.0],true]
column_create Entries content COLUMN_SCALAR ShortText
[[0,0.0,0.0],true]
table_create Tokens TABLE_PAT_KEY ShortText --default_tokenizer TokenBigram
[[0,0.0,0.0],true]
column_create Tokens entries_title COLUMN_INDEX|WITH_POSITION Entries title
[[0,0.0,0.0],true]
column_create Tokens entries_content COLUMN_INDEX|WITH_POSITION Entries content
[[0,0.0,0.0],true]
load --table Entries
[
{"title": "groonga and MySQL", "content": "groonga + MySQL = mroonga."}
]
[[0,0.0,0.0],1]
word2vec_train Entries title --input_filter "a" --mecab_option "-F%m:%f[0]\\s -E\\0"
