plugin_register word2vec/word2vec
[[0,0.0,0.0],true]
table_create Tags TABLE_PAT_KEY ShortText
[[0,0.0,0.0],true]
table_create Entries TABLE_NO_KEY
[[0,0.0,0.0],true]
column_create Entries title COLUMN_SCALAR ShortText
[[0,0.0,0.0],true]
column_create Entries tag COLUMN_SCALAR Tags
[[0,0.0,0.0],true]
column_create Entries tags COLUMN_VECTOR Tags
[[0,0.0,0.0],true]
load --table Entries
[
{"title": "FulltextSearch", "tag": "Library", "tags": ["Groonga", "Rroonga"]},
{"title": "Database", "tag": "Server", "tags": ["MySQL", "PostgreSQL"]}
]
[[0,0.0,0.0],2]
word2vec_train Entries tags,tag,title --min_count 1 --input_add_prefix_second "tag:"
[[0,0.0,0.0],true]
word2vec_distance "tag:library"
[
  [
    0,
    0.0,
    0.0
  ],
  [
    [
      8
    ],
    [
      [
        "_key",
        "ShortText"
      ],
      [
        "_score",
        "Float"
      ]
    ],
    [
      "fulltextsearch",
      0.12582902610302
    ],
    [
      "groonga",
      0.0368562042713165
    ],
    [
      "tag:server",
      -0.0158039312809706
    ],
    [
      "database",
      -0.0281914249062538
    ],
    [
      "rroonga",
      -0.0417644791305065
    ],
    [
      "mysql",
      -0.0530047751963139
    ],
    [
      "postgresql",
      -0.08939129114151
    ],
    [
      "</s>",
      -0.100139416754246
    ]
  ]
]
